Archive member included to satisfy reference by file (symbol)

c:/program files (x86)/stmicroelectronics/stm32cubeide_1.1.0/stm32cubeide/plugins/com.st.stm32cube.ide.mcu.externaltools.gnu-tools-for-stm32.7-2018-q2-update.win32_1.0.0.201904181610/tools/bin/../lib/gcc/arm-none-eabi/7.3.1/../../../../arm-none-eabi/lib/thumb/v7e-m/fpv4-sp/hard\libc_nano.a(lib_a-errno.o)
                              Core/Src/syscalls.o (__errno)
c:/program files (x86)/stmicroelectronics/stm32cubeide_1.1.0/stm32cubeide/plugins/com.st.stm32cube.ide.mcu.externaltools.gnu-tools-for-stm32.7-2018-q2-update.win32_1.0.0.201904181610/tools/bin/../lib/gcc/arm-none-eabi/7.3.1/../../../../arm-none-eabi/lib/thumb/v7e-m/fpv4-sp/hard\libc_nano.a(lib_a-exit.o)
                              c:/program files (x86)/stmicroelectronics/stm32cubeide_1.1.0/stm32cubeide/plugins/com.st.stm32cube.ide.mcu.externaltools.gnu-tools-for-stm32.7-2018-q2-update.win32_1.0.0.201904181610/tools/bin/../lib/gcc/arm-none-eabi/7.3.1/../../../../arm-none-eabi/lib/thumb/v7e-m/fpv4-sp/hard/crt0.o (exit)
c:/program files (x86)/stmicroelectronics/stm32cubeide_1.1.0/stm32cubeide/plugins/com.st.stm32cube.ide.mcu.externaltools.gnu-tools-for-stm32.7-2018-q2-update.win32_1.0.0.201904181610/tools/bin/../lib/gcc/arm-none-eabi/7.3.1/../../../../arm-none-eabi/lib/thumb/v7e-m/fpv4-sp/hard\libc_nano.a(lib_a-impure.o)
                              c:/program files (x86)/stmicroelectronics/stm32cubeide_1.1.0/stm32cubeide/plugins/com.st.stm32cube.ide.mcu.externaltools.gnu-tools-for-stm32.7-2018-q2-update.win32_1.0.0.201904181610/tools/bin/../lib/gcc/arm-none-eabi/7.3.1/../../../../arm-none-eabi/lib/thumb/v7e-m/fpv4-sp/hard\libc_nano.a(lib_a-exit.o) (_global_impure_ptr)
c:/program files (x86)/stmicroelectronics/stm32cubeide_1.1.0/stm32cubeide/plugins/com.st.stm32cube.ide.mcu.externaltools.gnu-tools-for-stm32.7-2018-q2-update.win32_1.0.0.201904181610/tools/bin/../lib/gcc/arm-none-eabi/7.3.1/../../../../arm-none-eabi/lib/thumb/v7e-m/fpv4-sp/hard\libc_nano.a(lib_a-init.o)
                              c:/program files (x86)/stmicroelectronics/stm32cubeide_1.1.0/stm32cubeide/plugins/com.st.stm32cube.ide.mcu.externaltools.gnu-tools-for-stm32.7-2018-q2-update.win32_1.0.0.201904181610/tools/bin/../lib/gcc/arm-none-eabi/7.3.1/../../../../arm-none-eabi/lib/thumb/v7e-m/fpv4-sp/hard/crt0.o (__libc_init_array)
c:/program files (x86)/stmicroelectronics/stm32cubeide_1.1.0/stm32cubeide/plugins/com.st.stm32cube.ide.mcu.externaltools.gnu-tools-for-stm32.7-2018-q2-update.win32_1.0.0.201904181610/tools/bin/../lib/gcc/arm-none-eabi/7.3.1/../../../../arm-none-eabi/lib/thumb/v7e-m/fpv4-sp/hard\libc_nano.a(lib_a-memset.o)
                              c:/program files (x86)/stmicroelectronics/stm32cubeide_1.1.0/stm32cubeide/plugins/com.st.stm32cube.ide.mcu.externaltools.gnu-tools-for-stm32.7-2018-q2-update.win32_1.0.0.201904181610/tools/bin/../lib/gcc/arm-none-eabi/7.3.1/../../../../arm-none-eabi/lib/thumb/v7e-m/fpv4-sp/hard/crt0.o (memset)
c:/program files (x86)/stmicroelectronics/stm32cubeide_1.1.0/stm32cubeide/plugins/com.st.stm32cube.ide.mcu.externaltools.gnu-tools-for-stm32.7-2018-q2-update.win32_1.0.0.201904181610/tools/bin/../lib/gcc/arm-none-eabi/7.3.1/thumb/v7e-m/fpv4-sp/hard\libgcc.a(_arm_addsubdf3.o)
                              Core/Src/main.o (__aeabi_dsub)
c:/program files (x86)/stmicroelectronics/stm32cubeide_1.1.0/stm32cubeide/plugins/com.st.stm32cube.ide.mcu.externaltools.gnu-tools-for-stm32.7-2018-q2-update.win32_1.0.0.201904181610/tools/bin/../lib/gcc/arm-none-eabi/7.3.1/thumb/v7e-m/fpv4-sp/hard\libgcc.a(_arm_muldivdf3.o)
                              Core/Src/main.o (__aeabi_dmul)
c:/program files (x86)/stmicroelectronics/stm32cubeide_1.1.0/stm32cubeide/plugins/com.st.stm32cube.ide.mcu.externaltools.gnu-tools-for-stm32.7-2018-q2-update.win32_1.0.0.201904181610/tools/bin/../lib/gcc/arm-none-eabi/7.3.1/thumb/v7e-m/fpv4-sp/hard\libgcc.a(_arm_truncdfsf2.o)
                              Core/Src/main.o (__aeabi_d2f)

Allocating common symbols
Common symbol       size              file

htim4               0x40              Core/Src/main.o
values              0x20              Core/Src/main.o
movingAverage       0x4               Core/Src/main.o
uwTick              0x4               Drivers/STM32F3xx_HAL_Driver/Src/stm32f3xx_hal.o
pFlash              0x20              Drivers/STM32F3xx_HAL_Driver/Src/stm32f3xx_hal_flash.o
avg_values          0x28              Core/Src/main.o
regulator           0x64              Core/Src/main.o
hadc1               0x50              Core/Src/main.o
movingAverageSum    0x4               Core/Src/main.o
hdma_adc1           0x44              Core/Src/main.o
data                0x10              Core/Src/main.o
htim1               0x40              Core/Src/main.o
zero_current        0x4               Core/Src/main.o
adc_values          0x4               Core/Src/main.o

Discarded input sections

[...]
Memory Configuration

Name             Origin             Length             Attributes
CCMRAM           0x0000000010000000 0x0000000000004000 xrw
RAM              0x0000000020000000 0x0000000000010000 xrw
FLASH            0x0000000008000000 0x0000000000080000 xr
*default*        0x0000000000000000 0xffffffffffffffff

Linker script and memory map

LOAD c:/program files (x86)/stmicroelectronics/stm32cubeide_1.1.0/stm32cubeide/plugins/com.st.stm32cube.ide.mcu.externaltools.gnu-tools-for-stm32.7-2018-q2-update.win32_1.0.0.201904181610/tools/bin/../lib/gcc/arm-none-eabi/7.3.1/thumb/v7e-m/fpv4-sp/hard/crti.o
LOAD c:/program files (x86)/stmicroelectronics/stm32cubeide_1.1.0/stm32cubeide/plugins/com.st.stm32cube.ide.mcu.externaltools.gnu-tools-for-stm32.7-2018-q2-update.win32_1.0.0.201904181610/tools/bin/../lib/gcc/arm-none-eabi/7.3.1/thumb/v7e-m/fpv4-sp/hard/crtbegin.o
LOAD c:/program files (x86)/stmicroelectronics/stm32cubeide_1.1.0/stm32cubeide/plugins/com.st.stm32cube.ide.mcu.externaltools.gnu-tools-for-stm32.7-2018-q2-update.win32_1.0.0.201904181610/tools/bin/../lib/gcc/arm-none-eabi/7.3.1/../../../../arm-none-eabi/lib/thumb/v7e-m/fpv4-sp/hard/crt0.o
LOAD Core/Src/main.o
LOAD Core/Src/stm32f3xx_hal_msp.o
LOAD Core/Src/stm32f3xx_it.o
LOAD Core/Src/syscalls.o
LOAD Core/Src/sysmem.o
LOAD Core/Src/system_stm32f3xx.o
LOAD Core/Startup/startup_stm32f303retx.o
LOAD Drivers/STM32F3xx_HAL_Driver/Src/stm32f3xx_hal.o
LOAD Drivers/STM32F3xx_HAL_Driver/Src/stm32f3xx_hal_adc.o
LOAD Drivers/STM32F3xx_HAL_Driver/Src/stm32f3xx_hal_adc_ex.o
LOAD Drivers/STM32F3xx_HAL_Driver/Src/stm32f3xx_hal_cortex.o
LOAD Drivers/STM32F3xx_HAL_Driver/Src/stm32f3xx_hal_dma.o
LOAD Drivers/STM32F3xx_HAL_Driver/Src/stm32f3xx_hal_exti.o
LOAD Drivers/STM32F3xx_HAL_Driver/Src/stm32f3xx_hal_flash.o
LOAD Drivers/STM32F3xx_HAL_Driver/Src/stm32f3xx_hal_flash_ex.o
LOAD Drivers/STM32F3xx_HAL_Driver/Src/stm32f3xx_hal_gpio.o
LOAD Drivers/STM32F3xx_HAL_Driver/Src/stm32f3xx_hal_i2c.o
LOAD Drivers/STM32F3xx_HAL_Driver/Src/stm32f3xx_hal_i2c_ex.o
LOAD Drivers/STM32F3xx_HAL_Driver/Src/stm32f3xx_hal_pwr.o
LOAD Drivers/STM32F3xx_HAL_Driver/Src/stm32f3xx_hal_pwr_ex.o
LOAD Drivers/STM32F3xx_HAL_Driver/Src/stm32f3xx_hal_rcc.o
LOAD Drivers/STM32F3xx_HAL_Driver/Src/stm32f3xx_hal_rcc_ex.o
LOAD Drivers/STM32F3xx_HAL_Driver/Src/stm32f3xx_hal_tim.o
LOAD Drivers/STM32F3xx_HAL_Driver/Src/stm32f3xx_hal_tim_ex.o
START GROUP
LOAD c:/program files (x86)/stmicroelectronics/stm32cubeide_1.1.0/stm32cubeide/plugins/com.st.stm32cube.ide.mcu.externaltools.gnu-tools-for-stm32.7-2018-q2-update.win32_1.0.0.201904181610/tools/bin/../lib/gcc/arm-none-eabi/7.3.1/../../../../arm-none-eabi/lib/thumb/v7e-m/fpv4-sp/hard\libc_nano.a
LOAD c:/program files (x86)/stmicroelectronics/stm32cubeide_1.1.0/stm32cubeide/plugins/com.st.stm32cube.ide.mcu.externaltools.gnu-tools-for-stm32.7-2018-q2-update.win32_1.0.0.201904181610/tools/bin/../lib/gcc/arm-none-eabi/7.3.1/../../../../arm-none-eabi/lib/thumb/v7e-m/fpv4-sp/hard\libm.a
END GROUP
START GROUP
LOAD c:/program files (x86)/stmicroelectronics/stm32cubeide_1.1.0/stm32cubeide/plugins/com.st.stm32cube.ide.mcu.externaltools.gnu-tools-for-stm32.7-2018-q2-update.win32_1.0.0.201904181610/tools/bin/../lib/gcc/arm-none-eabi/7.3.1/thumb/v7e-m/fpv4-sp/hard\libgcc.a
LOAD c:/program files (x86)/stmicroelectronics/stm32cubeide_1.1.0/stm32cubeide/plugins/com.st.stm32cube.ide.mcu.externaltools.gnu-tools-for-stm32.7-2018-q2-update.win32_1.0.0.201904181610/tools/bin/../lib/gcc/arm-none-eabi/7.3.1/../../../../arm-none-eabi/lib/thumb/v7e-m/fpv4-sp/hard\libc_nano.a
END GROUP
START GROUP
LOAD c:/program files (x86)/stmicroelectronics/stm32cubeide_1.1.0/stm32cubeide/plugins/com.st.stm32cube.ide.mcu.externaltools.gnu-tools-for-stm32.7-2018-q2-update.win32_1.0.0.201904181610/tools/bin/../lib/gcc/arm-none-eabi/7.3.1/thumb/v7e-m/fpv4-sp/hard\libgcc.a
LOAD c:/program files (x86)/stmicroelectronics/stm32cubeide_1.1.0/stm32cubeide/plugins/com.st.stm32cube.ide.mcu.externaltools.gnu-tools-for-stm32.7-2018-q2-update.win32_1.0.0.201904181610/tools/bin/../lib/gcc/arm-none-eabi/7.3.1/../../../../arm-none-eabi/lib/thumb/v7e-m/fpv4-sp/hard\libc_nano.a
LOAD c:/program files (x86)/stmicroelectronics/stm32cubeide_1.1.0/stm32cubeide/plugins/com.st.stm32cube.ide.mcu.externaltools.gnu-tools-for-stm32.7-2018-q2-update.win32_1.0.0.201904181610/tools/bin/../lib/gcc/arm-none-eabi/7.3.1/../../../../arm-none-eabi/lib/thumb/v7e-m/fpv4-sp/hard\libnosys.a
END GROUP
START GROUP
LOAD c:/program files (x86)/stmicroelectronics/stm32cubeide_1.1.0/stm32cubeide/plugins/com.st.stm32cube.ide.mcu.externaltools.gnu-tools-for-stm32.7-2018-q2-update.win32_1.0.0.201904181610/tools/bin/../lib/gcc/arm-none-eabi/7.3.1/thumb/v7e-m/fpv4-sp/hard\libgcc.a
LOAD c:/program files (x86)/stmicroelectronics/stm32cubeide_1.1.0/stm32cubeide/plugins/com.st.stm32cube.ide.mcu.externaltools.gnu-tools-for-stm32.7-2018-q2-update.win32_1.0.0.201904181610/tools/bin/../lib/gcc/arm-none-eabi/7.3.1/../../../../arm-none-eabi/lib/thumb/v7e-m/fpv4-sp/hard\libc_nano.a
LOAD c:/program files (x86)/stmicroelectronics/stm32cubeide_1.1.0/stm32cubeide/plugins/com.st.stm32cube.ide.mcu.externaltools.gnu-tools-for-stm32.7-2018-q2-update.win32_1.0.0.201904181610/tools/bin/../lib/gcc/arm-none-eabi/7.3.1/../../../../arm-none-eabi/lib/thumb/v7e-m/fpv4-sp/hard\libnosys.a
END GROUP
LOAD c:/program files (x86)/stmicroelectronics/stm32cubeide_1.1.0/stm32cubeide/plugins/com.st.stm32cube.ide.mcu.externaltools.gnu-tools-for-stm32.7-2018-q2-update.win32_1.0.0.201904181610/tools/bin/../lib/gcc/arm-none-eabi/7.3.1/thumb/v7e-m/fpv4-sp/hard/crtend.o
LOAD c:/program files (x86)/stmicroelectronics/stm32cubeide_1.1.0/stm32cubeide/plugins/com.st.stm32cube.ide.mcu.externaltools.gnu-tools-for-stm32.7-2018-q2-update.win32_1.0.0.201904181610/tools/bin/../lib/gcc/arm-none-eabi/7.3.1/thumb/v7e-m/fpv4-sp/hard/crtn.o
                0x0000000020010000                _estack = (ORIGIN (RAM) + LENGTH (RAM))
                0x0000000000000200                _Min_Heap_Size = 0x200
                0x0000000000000400                _Min_Stack_Size = 0x400

.isr_vector     0x0000000008000000      0x194
                0x0000000008000000                . = ALIGN (0x4)
 *(.isr_vector)
 .isr_vector    0x0000000008000000      0x194 Core/Startup/startup_stm32f303retx.o
                0x0000000008000000                g_pfnVectors
                0x0000000008000194                . = ALIGN (0x4)

.text           0x0000000008000194     0x3058
                0x0000000008000194                . = ALIGN (0x4)
 *(.text)
 .text          0x0000000008000194       0x40 c:/program files (x86)/stmicroelectronics/stm32cubeide_1.1.0/stm32cubeide/plugins/com.st.stm32cube.ide.mcu.externaltools.gnu-tools-for-stm32.7-2018-q2-update.win32_1.0.0.201904181610/tools/bin/../lib/gcc/arm-none-eabi/7.3.1/thumb/v7e-m/fpv4-sp/hard/crtbegin.o
 *(.text*)
 .text.MX_GPIO_Init
                0x00000000080001d4       0x88 Core/Src/main.o
 .text.MX_ADC1_Init
                0x000000000800025c       0x80 Core/Src/main.o
 .text.MX_TIM1_Init
                0x00000000080002dc       0xa4 Core/Src/main.o
 .text.MX_TIM4_Init
                0x0000000008000380       0x5c Core/Src/main.o
 .text.MX_DMA_Init
                0x00000000080003dc       0x34 Core/Src/main.o
 .text.SystemClock_Config
                0x0000000008000410       0x80 Core/Src/main.o
                0x0000000008000410                SystemClock_Config
 .text.HAL_ADC_ConvCpltCallback
                0x0000000008000490       0x60 Core/Src/main.o
                0x0000000008000490                HAL_ADC_ConvCpltCallback
 .text.PID_Init
                0x00000000080004f0       0x2e Core/Src/main.o
                0x00000000080004f0                PID_Init
 .text.PID_TurnOn
                0x000000000800051e        0x6 Core/Src/main.o
                0x000000000800051e                PID_TurnOn
 .text.main     0x0000000008000524      0x194 Core/Src/main.o
                0x0000000008000524                main
 .text.Error_Handler
                0x00000000080006b8        0x2 Core/Src/main.o
                0x00000000080006b8                Error_Handler
 *fill*         0x00000000080006ba        0x2 
 .text.HAL_MspInit
                0x00000000080006bc       0x30 Core/Src/stm32f3xx_hal_msp.o
                0x00000000080006bc                HAL_MspInit
 .text.HAL_ADC_MspInit
                0x00000000080006ec       0xa8 Core/Src/stm32f3xx_hal_msp.o
                0x00000000080006ec                HAL_ADC_MspInit
 .text.HAL_TIM_PWM_MspInit
                0x0000000008000794       0x2c Core/Src/stm32f3xx_hal_msp.o
                0x0000000008000794                HAL_TIM_PWM_MspInit
 .text.HAL_TIM_Base_MspInit
                0x00000000080007c0       0x2c Core/Src/stm32f3xx_hal_msp.o
                0x00000000080007c0                HAL_TIM_Base_MspInit
 .text.HAL_TIM_MspPostInit
                0x00000000080007ec       0x7c Core/Src/stm32f3xx_hal_msp.o
                0x00000000080007ec                HAL_TIM_MspPostInit
 .text.NMI_Handler
                0x0000000008000868        0x2 Core/Src/stm32f3xx_it.o
                0x0000000008000868                NMI_Handler
 .text.HardFault_Handler
                0x000000000800086a        0x2 Core/Src/stm32f3xx_it.o
                0x000000000800086a                HardFault_Handler
 .text.MemManage_Handler
                0x000000000800086c        0x2 Core/Src/stm32f3xx_it.o
                0x000000000800086c                MemManage_Handler
 .text.BusFault_Handler
                0x000000000800086e        0x2 Core/Src/stm32f3xx_it.o
                0x000000000800086e                BusFault_Handler
 .text.UsageFault_Handler
                0x0000000008000870        0x2 Core/Src/stm32f3xx_it.o
                0x0000000008000870                UsageFault_Handler
 .text.SVC_Handler
                0x0000000008000872        0x2 Core/Src/stm32f3xx_it.o
                0x0000000008000872                SVC_Handler
 .text.DebugMon_Handler
                0x0000000008000874        0x2 Core/Src/stm32f3xx_it.o
                0x0000000008000874                DebugMon_Handler
 .text.PendSV_Handler
                0x0000000008000876        0x2 Core/Src/stm32f3xx_it.o
                0x0000000008000876                PendSV_Handler
 .text.SysTick_Handler
                0x0000000008000878        0x8 Core/Src/stm32f3xx_it.o
                0x0000000008000878                SysTick_Handler
 .text.DMA1_Channel1_IRQHandler
                0x0000000008000880       0x10 Core/Src/stm32f3xx_it.o
                0x0000000008000880                DMA1_Channel1_IRQHandler
 .text.ADC1_2_IRQHandler
                0x0000000008000890       0x10 Core/Src/stm32f3xx_it.o
                0x0000000008000890                ADC1_2_IRQHandler
 .text.SystemInit
                0x00000000080008a0       0x1c Core/Src/system_stm32f3xx.o
                0x00000000080008a0                SystemInit
 .text.Reset_Handler
                0x00000000080008bc       0x50 Core/Startup/startup_stm32f303retx.o
                0x00000000080008bc                Reset_Handler
 .text.Default_Handler
                0x000000000800090c        0x2 Core/Startup/startup_stm32f303retx.o
                0x000000000800090c                RTC_Alarm_IRQHandler
                0x000000000800090c                TIM8_TRG_COM_IRQHandler
                0x000000000800090c                TIM8_CC_IRQHandler
                0x000000000800090c                SPI4_IRQHandler
                0x000000000800090c                TIM1_CC_IRQHandler
                0x000000000800090c                USB_HP_IRQHandler
                0x000000000800090c                PVD_IRQHandler
                0x000000000800090c                TAMP_STAMP_IRQHandler
                0x000000000800090c                EXTI3_IRQHandler
                0x000000000800090c                I2C3_ER_IRQHandler
                0x000000000800090c                USB_HP_CAN_TX_IRQHandler
                0x000000000800090c                EXTI0_IRQHandler
                0x000000000800090c                I2C2_EV_IRQHandler
                0x000000000800090c                FPU_IRQHandler
                0x000000000800090c                TIM1_UP_TIM16_IRQHandler
                0x000000000800090c                SPI1_IRQHandler
                0x000000000800090c                CAN_SCE_IRQHandler
                0x000000000800090c                TIM6_DAC_IRQHandler
                0x000000000800090c                TIM8_UP_IRQHandler
                0x000000000800090c                DMA2_Channel2_IRQHandler
                0x000000000800090c                DMA1_Channel4_IRQHandler
                0x000000000800090c                TIM20_TRG_COM_IRQHandler
                0x000000000800090c                USART3_IRQHandler
                0x000000000800090c                DMA1_Channel7_IRQHandler
                0x000000000800090c                UART5_IRQHandler
                0x000000000800090c                ADC3_IRQHandler
                0x000000000800090c                TIM4_IRQHandler
                0x000000000800090c                CAN_RX1_IRQHandler
                0x000000000800090c                DMA2_Channel1_IRQHandler
                0x000000000800090c                I2C1_EV_IRQHandler
                0x000000000800090c                DMA1_Channel6_IRQHandler
                0x000000000800090c                UART4_IRQHandler
                0x000000000800090c                DMA2_Channel4_IRQHandler
                0x000000000800090c                TIM3_IRQHandler
                0x000000000800090c                RCC_IRQHandler
                0x000000000800090c                TIM20_UP_IRQHandler
                0x000000000800090c                Default_Handler
                0x000000000800090c                USBWakeUp_RMP_IRQHandler
                0x000000000800090c                EXTI15_10_IRQHandler
                0x000000000800090c                TIM7_IRQHandler
                0x000000000800090c                I2C3_EV_IRQHandler
                0x000000000800090c                EXTI9_5_IRQHandler
                0x000000000800090c                RTC_WKUP_IRQHandler
                0x000000000800090c                SPI2_IRQHandler
                0x000000000800090c                USB_LP_CAN_RX0_IRQHandler
                0x000000000800090c                DMA2_Channel5_IRQHandler
                0x000000000800090c                DMA1_Channel5_IRQHandler
                0x000000000800090c                USB_LP_IRQHandler
                0x000000000800090c                EXTI4_IRQHandler
                0x000000000800090c                TIM1_TRG_COM_TIM17_IRQHandler
                0x000000000800090c                DMA1_Channel3_IRQHandler
                0x000000000800090c                ADC4_IRQHandler
                0x000000000800090c                WWDG_IRQHandler
                0x000000000800090c                TIM2_IRQHandler
                0x000000000800090c                COMP7_IRQHandler
                0x000000000800090c                COMP1_2_3_IRQHandler
                0x000000000800090c                EXTI1_IRQHandler
                0x000000000800090c                USART2_IRQHandler
                0x000000000800090c                COMP4_5_6_IRQHandler
                0x000000000800090c                TIM20_BRK_IRQHandler
                0x000000000800090c                I2C2_ER_IRQHandler
                0x000000000800090c                DMA1_Channel2_IRQHandler
                0x000000000800090c                TIM8_BRK_IRQHandler
                0x000000000800090c                FLASH_IRQHandler
                0x000000000800090c                TIM20_CC_IRQHandler
                0x000000000800090c                USART1_IRQHandler
                0x000000000800090c                SPI3_IRQHandler
                0x000000000800090c                I2C1_ER_IRQHandler
                0x000000000800090c                FMC_IRQHandler
                0x000000000800090c                USBWakeUp_IRQHandler
                0x000000000800090c                DMA2_Channel3_IRQHandler
                0x000000000800090c                EXTI2_TSC_IRQHandler
                0x000000000800090c                TIM1_BRK_TIM15_IRQHandler
 *fill*         0x000000000800090e        0x2 
 .text.HAL_InitTick
                0x0000000008000910       0x4c Drivers/STM32F3xx_HAL_Driver/Src/stm32f3xx_hal.o
                0x0000000008000910                HAL_InitTick
 .text.HAL_Init
                0x000000000800095c       0x24 Drivers/STM32F3xx_HAL_Driver/Src/stm32f3xx_hal.o
                0x000000000800095c                HAL_Init
 .text.HAL_IncTick
                0x0000000008000980       0x18 Drivers/STM32F3xx_HAL_Driver/Src/stm32f3xx_hal.o
                0x0000000008000980                HAL_IncTick
 .text.HAL_GetTick
                0x0000000008000998        0xc Drivers/STM32F3xx_HAL_Driver/Src/stm32f3xx_hal.o
                0x0000000008000998                HAL_GetTick
 .text.HAL_ADC_ConvHalfCpltCallback
                0x00000000080009a4        0x2 Drivers/STM32F3xx_HAL_Driver/Src/stm32f3xx_hal_adc.o
                0x00000000080009a4                HAL_ADC_ConvHalfCpltCallback
 .text.HAL_ADC_LevelOutOfWindowCallback
                0x00000000080009a6        0x2 Drivers/STM32F3xx_HAL_Driver/Src/stm32f3xx_hal_adc.o
                0x00000000080009a6                HAL_ADC_LevelOutOfWindowCallback
 .text.HAL_ADC_ErrorCallback
                0x00000000080009a8        0x2 Drivers/STM32F3xx_HAL_Driver/Src/stm32f3xx_hal_adc.o
                0x00000000080009a8                HAL_ADC_ErrorCallback
 .text.ADC_Disable
                0x00000000080009aa       0x7e Drivers/STM32F3xx_HAL_Driver/Src/stm32f3xx_hal_adc_ex.o
 .text.ADC_Enable
                0x0000000008000a28       0x78 Drivers/STM32F3xx_HAL_Driver/Src/stm32f3xx_hal_adc_ex.o
 .text.ADC_DMAError
                0x0000000008000aa0       0x1a Drivers/STM32F3xx_HAL_Driver/Src/stm32f3xx_hal_adc_ex.o
 .text.ADC_DMAHalfConvCplt
                0x0000000008000aba        0xa Drivers/STM32F3xx_HAL_Driver/Src/stm32f3xx_hal_adc_ex.o
 .text.ADC_DMAConvCplt
                0x0000000008000ac4       0x4a Drivers/STM32F3xx_HAL_Driver/Src/stm32f3xx_hal_adc_ex.o
 *fill*         0x0000000008000b0e        0x2 
 .text.HAL_ADC_Init
                0x0000000008000b10      0x2bc Drivers/STM32F3xx_HAL_Driver/Src/stm32f3xx_hal_adc_ex.o
                0x0000000008000b10                HAL_ADC_Init
 .text.HAL_ADC_Start_DMA
                0x0000000008000dcc      0x184 Drivers/STM32F3xx_HAL_Driver/Src/stm32f3xx_hal_adc_ex.o
                0x0000000008000dcc                HAL_ADC_Start_DMA
 .text.HAL_ADCEx_InjectedConvCpltCallback
                0x0000000008000f50        0x2 Drivers/STM32F3xx_HAL_Driver/Src/stm32f3xx_hal_adc_ex.o
                0x0000000008000f50                HAL_ADCEx_InjectedConvCpltCallback
 .text.HAL_ADCEx_InjectedQueueOverflowCallback
                0x0000000008000f52        0x2 Drivers/STM32F3xx_HAL_Driver/Src/stm32f3xx_hal_adc_ex.o
                0x0000000008000f52                HAL_ADCEx_InjectedQueueOverflowCallback
 .text.HAL_ADCEx_LevelOutOfWindow2Callback
                0x0000000008000f54        0x2 Drivers/STM32F3xx_HAL_Driver/Src/stm32f3xx_hal_adc_ex.o
                0x0000000008000f54                HAL_ADCEx_LevelOutOfWindow2Callback
 .text.HAL_ADCEx_LevelOutOfWindow3Callback
                0x0000000008000f56        0x2 Drivers/STM32F3xx_HAL_Driver/Src/stm32f3xx_hal_adc_ex.o
                0x0000000008000f56                HAL_ADCEx_LevelOutOfWindow3Callback
 .text.HAL_ADC_IRQHandler
                0x0000000008000f58      0x418 Drivers/STM32F3xx_HAL_Driver/Src/stm32f3xx_hal_adc_ex.o
                0x0000000008000f58                HAL_ADC_IRQHandler
 .text.HAL_ADC_ConfigChannel
                0x0000000008001370      0x3ac Drivers/STM32F3xx_HAL_Driver/Src/stm32f3xx_hal_adc_ex.o
                0x0000000008001370                HAL_ADC_ConfigChannel
 .text.HAL_ADCEx_MultiModeConfigChannel
                0x000000000800171c      0x158 Drivers/STM32F3xx_HAL_Driver/Src/stm32f3xx_hal_adc_ex.o
                0x000000000800171c                HAL_ADCEx_MultiModeConfigChannel
 .text.HAL_NVIC_SetPriorityGrouping
                0x0000000008001874       0x24 Drivers/STM32F3xx_HAL_Driver/Src/stm32f3xx_hal_cortex.o
                0x0000000008001874                HAL_NVIC_SetPriorityGrouping
 .text.HAL_NVIC_SetPriority
                0x0000000008001898       0x68 Drivers/STM32F3xx_HAL_Driver/Src/stm32f3xx_hal_cortex.o
                0x0000000008001898                HAL_NVIC_SetPriority
 .text.HAL_NVIC_EnableIRQ
                0x0000000008001900       0x1c Drivers/STM32F3xx_HAL_Driver/Src/stm32f3xx_hal_cortex.o
                0x0000000008001900                HAL_NVIC_EnableIRQ
 .text.HAL_SYSTICK_Config
                0x000000000800191c       0x2c Drivers/STM32F3xx_HAL_Driver/Src/stm32f3xx_hal_cortex.o
                0x000000000800191c                HAL_SYSTICK_Config
 .text.DMA_SetConfig
                0x0000000008001948       0x2c Drivers/STM32F3xx_HAL_Driver/Src/stm32f3xx_hal_dma.o
 .text.DMA_CalcBaseAndBitshift
                0x0000000008001974       0x4c Drivers/STM32F3xx_HAL_Driver/Src/stm32f3xx_hal_dma.o
 .text.HAL_DMA_Init
                0x00000000080019c0       0x50 Drivers/STM32F3xx_HAL_Driver/Src/stm32f3xx_hal_dma.o
                0x00000000080019c0                HAL_DMA_Init
 .text.HAL_DMA_Start_IT
                0x0000000008001a10       0x74 Drivers/STM32F3xx_HAL_Driver/Src/stm32f3xx_hal_dma.o
                0x0000000008001a10                HAL_DMA_Start_IT
 .text.HAL_DMA_IRQHandler
                0x0000000008001a84       0xb4 Drivers/STM32F3xx_HAL_Driver/Src/stm32f3xx_hal_dma.o
                0x0000000008001a84                HAL_DMA_IRQHandler
 .text.HAL_GPIO_Init
                0x0000000008001b38      0x1ac Drivers/STM32F3xx_HAL_Driver/Src/stm32f3xx_hal_gpio.o
                0x0000000008001b38                HAL_GPIO_Init
 .text.HAL_GPIO_WritePin
                0x0000000008001ce4        0xa Drivers/STM32F3xx_HAL_Driver/Src/stm32f3xx_hal_gpio.o
                0x0000000008001ce4                HAL_GPIO_WritePin
 *fill*         0x0000000008001cee        0x2 
 .text.HAL_RCC_OscConfig
                0x0000000008001cf0      0x65c Drivers/STM32F3xx_HAL_Driver/Src/stm32f3xx_hal_rcc.o
                0x0000000008001cf0                HAL_RCC_OscConfig
 .text.HAL_RCC_GetSysClockFreq
                0x000000000800234c       0x70 Drivers/STM32F3xx_HAL_Driver/Src/stm32f3xx_hal_rcc.o
                0x000000000800234c                HAL_RCC_GetSysClockFreq
 .text.HAL_RCC_ClockConfig
                0x00000000080023bc      0x1a4 Drivers/STM32F3xx_HAL_Driver/Src/stm32f3xx_hal_rcc.o
                0x00000000080023bc                HAL_RCC_ClockConfig
 .text.HAL_RCCEx_PeriphCLKConfig
                0x0000000008002560      0x308 Drivers/STM32F3xx_HAL_Driver/Src/stm32f3xx_hal_rcc_ex.o
                0x0000000008002560                HAL_RCCEx_PeriphCLKConfig
 .text.TIM_OC1_SetConfig
                0x0000000008002868       0xac Drivers/STM32F3xx_HAL_Driver/Src/stm32f3xx_hal_tim.o
 .text.TIM_OC3_SetConfig
                0x0000000008002914       0x9c Drivers/STM32F3xx_HAL_Driver/Src/stm32f3xx_hal_tim.o
 .text.TIM_OC4_SetConfig
                0x00000000080029b0       0x74 Drivers/STM32F3xx_HAL_Driver/Src/stm32f3xx_hal_tim.o
 .text.TIM_OC5_SetConfig
                0x0000000008002a24       0x70 Drivers/STM32F3xx_HAL_Driver/Src/stm32f3xx_hal_tim.o
 .text.TIM_OC6_SetConfig
                0x0000000008002a94       0x74 Drivers/STM32F3xx_HAL_Driver/Src/stm32f3xx_hal_tim.o
 .text.TIM_TI1_ConfigInputStage
                0x0000000008002b08       0x26 Drivers/STM32F3xx_HAL_Driver/Src/stm32f3xx_hal_tim.o
 .text.TIM_TI2_ConfigInputStage
                0x0000000008002b2e       0x28 Drivers/STM32F3xx_HAL_Driver/Src/stm32f3xx_hal_tim.o
 *fill*         0x0000000008002b56        0x2 
 .text.TIM_Base_SetConfig
                0x0000000008002b58       0xd0 Drivers/STM32F3xx_HAL_Driver/Src/stm32f3xx_hal_tim.o
                0x0000000008002b58                TIM_Base_SetConfig
 .text.HAL_TIM_Base_Init
                0x0000000008002c28       0x32 Drivers/STM32F3xx_HAL_Driver/Src/stm32f3xx_hal_tim.o
                0x0000000008002c28                HAL_TIM_Base_Init
 .text.HAL_TIM_PWM_Init
                0x0000000008002c5a       0x32 Drivers/STM32F3xx_HAL_Driver/Src/stm32f3xx_hal_tim.o
                0x0000000008002c5a                HAL_TIM_PWM_Init
 .text.TIM_OC2_SetConfig
                0x0000000008002c8c       0x9c Drivers/STM32F3xx_HAL_Driver/Src/stm32f3xx_hal_tim.o
                0x0000000008002c8c                TIM_OC2_SetConfig
 .text.HAL_TIM_PWM_ConfigChannel
                0x0000000008002d28      0x134 Drivers/STM32F3xx_HAL_Driver/Src/stm32f3xx_hal_tim.o
                0x0000000008002d28                HAL_TIM_PWM_ConfigChannel
 .text.TIM_ETR_SetConfig
                0x0000000008002e5c       0x18 Drivers/STM32F3xx_HAL_Driver/Src/stm32f3xx_hal_tim.o
                0x0000000008002e5c                TIM_ETR_SetConfig
 .text.TIM_SlaveTimer_SetConfig
                0x0000000008002e74       0x8e Drivers/STM32F3xx_HAL_Driver/Src/stm32f3xx_hal_tim.o
 .text.HAL_TIM_SlaveConfigSynchro
                0x0000000008002f02       0x58 Drivers/STM32F3xx_HAL_Driver/Src/stm32f3xx_hal_tim.o
                0x0000000008002f02                HAL_TIM_SlaveConfigSynchro
 .text.TIM_CCxChannelCmd
                0x0000000008002f5a       0x22 Drivers/STM32F3xx_HAL_Driver/Src/stm32f3xx_hal_tim.o
                0x0000000008002f5a                TIM_CCxChannelCmd
 .text.HAL_TIM_PWM_Start
                0x0000000008002f7c       0x6c Drivers/STM32F3xx_HAL_Driver/Src/stm32f3xx_hal_tim.o
                0x0000000008002f7c                HAL_TIM_PWM_Start
 .text.TIM_CCxNChannelCmd
                0x0000000008002fe8       0x22 Drivers/STM32F3xx_HAL_Driver/Src/stm32f3xx_hal_tim_ex.o
 *fill*         0x000000000800300a        0x2 
 .text.HAL_TIMEx_PWMN_Start
                0x000000000800300c       0x38 Drivers/STM32F3xx_HAL_Driver/Src/stm32f3xx_hal_tim_ex.o
                0x000000000800300c                HAL_TIMEx_PWMN_Start
 .text.HAL_TIMEx_MasterConfigSynchronization
                0x0000000008003044       0xa0 Drivers/STM32F3xx_HAL_Driver/Src/stm32f3xx_hal_tim_ex.o
                0x0000000008003044                HAL_TIMEx_MasterConfigSynchronization
 .text.HAL_TIMEx_ConfigBreakDeadTime
                0x00000000080030e4       0x98 Drivers/STM32F3xx_HAL_Driver/Src/stm32f3xx_hal_tim_ex.o
                0x00000000080030e4                HAL_TIMEx_ConfigBreakDeadTime
 .text.__libc_init_array
                0x000000000800317c       0x48 c:/program files (x86)/stmicroelectronics/stm32cubeide_1.1.0/stm32cubeide/plugins/com.st.stm32cube.ide.mcu.externaltools.gnu-tools-for-stm32.7-2018-q2-update.win32_1.0.0.201904181610/tools/bin/../lib/gcc/arm-none-eabi/7.3.1/../../../../arm-none-eabi/lib/thumb/v7e-m/fpv4-sp/hard\libc_nano.a(lib_a-init.o)
                0x000000000800317c                __libc_init_array
 .text.memset   0x00000000080031c4       0x10 c:/program files (x86)/stmicroelectronics/stm32cubeide_1.1.0/stm32cubeide/plugins/com.st.stm32cube.ide.mcu.externaltools.gnu-tools-for-stm32.7-2018-q2-update.win32_1.0.0.201904181610/tools/bin/../lib/gcc/arm-none-eabi/7.3.1/../../../../arm-none-eabi/lib/thumb/v7e-m/fpv4-sp/hard\libc_nano.a(lib_a-memset.o)
                0x00000000080031c4                memset
 *(.glue_7)
 .glue_7        0x00000000080031d4        0x0 linker stubs
 *(.glue_7t)
 .glue_7t       0x00000000080031d4        0x0 linker stubs
 *(.eh_frame)
 .eh_frame      0x00000000080031d4        0x0 c:/program files (x86)/stmicroelectronics/stm32cubeide_1.1.0/stm32cubeide/plugins/com.st.stm32cube.ide.mcu.externaltools.gnu-tools-for-stm32.7-2018-q2-update.win32_1.0.0.201904181610/tools/bin/../lib/gcc/arm-none-eabi/7.3.1/thumb/v7e-m/fpv4-sp/hard/crtbegin.o
 *(.init)
 .init          0x00000000080031d4        0x4 c:/program files (x86)/stmicroelectronics/stm32cubeide_1.1.0/stm32cubeide/plugins/com.st.stm32cube.ide.mcu.externaltools.gnu-tools-for-stm32.7-2018-q2-update.win32_1.0.0.201904181610/tools/bin/../lib/gcc/arm-none-eabi/7.3.1/thumb/v7e-m/fpv4-sp/hard/crti.o
                0x00000000080031d4                _init
 .init          0x00000000080031d8        0x8 c:/program files (x86)/stmicroelectronics/stm32cubeide_1.1.0/stm32cubeide/plugins/com.st.stm32cube.ide.mcu.externaltools.gnu-tools-for-stm32.7-2018-q2-update.win32_1.0.0.201904181610/tools/bin/../lib/gcc/arm-none-eabi/7.3.1/thumb/v7e-m/fpv4-sp/hard/crtn.o
 *(.fini)
 .fini          0x00000000080031e0        0x4 c:/program files (x86)/stmicroelectronics/stm32cubeide_1.1.0/stm32cubeide/plugins/com.st.stm32cube.ide.mcu.externaltools.gnu-tools-for-stm32.7-2018-q2-update.win32_1.0.0.201904181610/tools/bin/../lib/gcc/arm-none-eabi/7.3.1/thumb/v7e-m/fpv4-sp/hard/crti.o
                0x00000000080031e0                _fini
 .fini          0x00000000080031e4        0x8 c:/program files (x86)/stmicroelectronics/stm32cubeide_1.1.0/stm32cubeide/plugins/com.st.stm32cube.ide.mcu.externaltools.gnu-tools-for-stm32.7-2018-q2-update.win32_1.0.0.201904181610/tools/bin/../lib/gcc/arm-none-eabi/7.3.1/thumb/v7e-m/fpv4-sp/hard/crtn.o
                0x00000000080031ec                . = ALIGN (0x4)
                0x00000000080031ec                _etext = .

.vfp11_veneer   0x00000000080031ec        0x0
 .vfp11_veneer  0x00000000080031ec        0x0 linker stubs

.v4_bx          0x00000000080031ec        0x0
 .v4_bx         0x00000000080031ec        0x0 linker stubs

.iplt           0x00000000080031ec        0x0
 .iplt          0x00000000080031ec        0x0 c:/program files (x86)/stmicroelectronics/stm32cubeide_1.1.0/stm32cubeide/plugins/com.st.stm32cube.ide.mcu.externaltools.gnu-tools-for-stm32.7-2018-q2-update.win32_1.0.0.201904181610/tools/bin/../lib/gcc/arm-none-eabi/7.3.1/thumb/v7e-m/fpv4-sp/hard/crtbegin.o

.rodata         0x00000000080031ec       0x30
                0x00000000080031ec                . = ALIGN (0x4)
 *(.rodata)
 *(.rodata*)
 .rodata.AHBPrescTable
                0x00000000080031ec       0x10 Core/Src/system_stm32f3xx.o
                0x00000000080031ec                AHBPrescTable
 .rodata.aPLLMULFactorTable
                0x00000000080031fc       0x10 Drivers/STM32F3xx_HAL_Driver/Src/stm32f3xx_hal_rcc.o
                0x00000000080031fc                aPLLMULFactorTable
 .rodata.aPredivFactorTable
                0x000000000800320c       0x10 Drivers/STM32F3xx_HAL_Driver/Src/stm32f3xx_hal_rcc.o
                0x000000000800320c                aPredivFactorTable
                0x000000000800321c                . = ALIGN (0x4)

.rel.dyn        0x000000000800321c        0x0
 .rel.iplt      0x000000000800321c        0x0 c:/program files (x86)/stmicroelectronics/stm32cubeide_1.1.0/stm32cubeide/plugins/com.st.stm32cube.ide.mcu.externaltools.gnu-tools-for-stm32.7-2018-q2-update.win32_1.0.0.201904181610/tools/bin/../lib/gcc/arm-none-eabi/7.3.1/thumb/v7e-m/fpv4-sp/hard/crtbegin.o

.ARM.extab      0x000000000800321c        0x0
                0x000000000800321c                . = ALIGN (0x4)
 *(.ARM.extab* .gnu.linkonce.armextab.*)
                0x000000000800321c                . = ALIGN (0x4)

.ARM            0x000000000800321c        0x0
                0x000000000800321c                . = ALIGN (0x4)
                0x000000000800321c                __exidx_start = .
 *(.ARM.exidx*)
                0x000000000800321c                __exidx_end = .
                0x000000000800321c                . = ALIGN (0x4)

.preinit_array  0x000000000800321c        0x0
                0x000000000800321c                . = ALIGN (0x4)
                0x000000000800321c                PROVIDE (__preinit_array_start = .)
 *(.preinit_array*)
                0x000000000800321c                PROVIDE (__preinit_array_end = .)
                0x000000000800321c                . = ALIGN (0x4)

.init_array     0x000000000800321c        0x4
                0x000000000800321c                . = ALIGN (0x4)
                0x000000000800321c                PROVIDE (__init_array_start = .)
 *(SORT_BY_NAME(.init_array.*))
 *(.init_array*)
 .init_array    0x000000000800321c        0x4 c:/program files (x86)/stmicroelectronics/stm32cubeide_1.1.0/stm32cubeide/plugins/com.st.stm32cube.ide.mcu.externaltools.gnu-tools-for-stm32.7-2018-q2-update.win32_1.0.0.201904181610/tools/bin/../lib/gcc/arm-none-eabi/7.3.1/thumb/v7e-m/fpv4-sp/hard/crtbegin.o
                0x0000000008003220                PROVIDE (__init_array_end = .)
                0x0000000008003220                . = ALIGN (0x4)

.fini_array     0x0000000008003220        0x4
                0x0000000008003220                . = ALIGN (0x4)
                [!provide]                        PROVIDE (__fini_array_start = .)
 *(SORT_BY_NAME(.fini_array.*))
 *(.fini_array*)
 .fini_array    0x0000000008003220        0x4 c:/program files (x86)/stmicroelectronics/stm32cubeide_1.1.0/stm32cubeide/plugins/com.st.stm32cube.ide.mcu.externaltools.gnu-tools-for-stm32.7-2018-q2-update.win32_1.0.0.201904181610/tools/bin/../lib/gcc/arm-none-eabi/7.3.1/thumb/v7e-m/fpv4-sp/hard/crtbegin.o
                [!provide]                        PROVIDE (__fini_array_end = .)
                0x0000000008003224                . = ALIGN (0x4)
                0x0000000008003224                _sidata = LOADADDR (.data)

.data           0x0000000020000000       0x10 load address 0x0000000008003224
                0x0000000020000000                . = ALIGN (0x4)
                0x0000000020000000                _sdata = .
 *(.data)
 *(.data*)
 .data.rev      0x0000000020000000        0x1 Core/Src/main.o
                0x0000000020000000                rev
 *fill*         0x0000000020000001        0x3 
 .data.SystemCoreClock
                0x0000000020000004        0x4 Core/Src/system_stm32f3xx.o
                0x0000000020000004                SystemCoreClock
 .data.uwTickFreq
                0x0000000020000008        0x1 Drivers/STM32F3xx_HAL_Driver/Src/stm32f3xx_hal.o
                0x0000000020000008                uwTickFreq
 *fill*         0x0000000020000009        0x3 
 .data.uwTickPrio
                0x000000002000000c        0x4 Drivers/STM32F3xx_HAL_Driver/Src/stm32f3xx_hal.o
                0x000000002000000c                uwTickPrio
                0x0000000020000010                . = ALIGN (0x4)
                0x0000000020000010                _edata = .

.igot.plt       0x0000000020000010        0x0 load address 0x0000000008003234
 .igot.plt      0x0000000020000010        0x0 c:/program files (x86)/stmicroelectronics/stm32cubeide_1.1.0/stm32cubeide/plugins/com.st.stm32cube.ide.mcu.externaltools.gnu-tools-for-stm32.7-2018-q2-update.win32_1.0.0.201904181610/tools/bin/../lib/gcc/arm-none-eabi/7.3.1/thumb/v7e-m/fpv4-sp/hard/crtbegin.o
                0x0000000020000010                . = ALIGN (0x4)

.bss            0x0000000020000010      0x20c load address 0x0000000008003234
                0x0000000020000010                _sbss = .
                0x0000000020000010                __bss_start__ = _sbss
 *(.bss)
 .bss           0x0000000020000010       0x1c c:/program files (x86)/stmicroelectronics/stm32cubeide_1.1.0/stm32cubeide/plugins/com.st.stm32cube.ide.mcu.externaltools.gnu-tools-for-stm32.7-2018-q2-update.win32_1.0.0.201904181610/tools/bin/../lib/gcc/arm-none-eabi/7.3.1/thumb/v7e-m/fpv4-sp/hard/crtbegin.o
 *(.bss*)
 .bss.cycle     0x000000002000002c        0x1 Core/Src/main.o
                0x000000002000002c                cycle
 *fill*         0x000000002000002d        0x3 
 .bss.ref       0x0000000020000030        0x4 Core/Src/main.o
                0x0000000020000030                ref
 .bss.samples   0x0000000020000034        0x1 Core/Src/main.o
                0x0000000020000034                samples
 *(COMMON)
 *fill*         0x0000000020000035        0x3 
 COMMON         0x0000000020000038      0x1e0 Core/Src/main.o
                0x0000000020000038                htim4
                0x0000000020000078                values
                0x0000000020000098                movingAverage
                0x000000002000009c                avg_values
                0x00000000200000c4                regulator
                0x0000000020000128                hadc1
                0x0000000020000178                movingAverageSum
                0x000000002000017c                hdma_adc1
                0x00000000200001c0                data
                0x00000000200001d0                htim1
                0x0000000020000210                zero_current
                0x0000000020000214                adc_values
 COMMON         0x0000000020000218        0x4 Drivers/STM32F3xx_HAL_Driver/Src/stm32f3xx_hal.o
                0x0000000020000218                uwTick
                0x000000002000021c                . = ALIGN (0x4)
                0x000000002000021c                _ebss = .
                0x000000002000021c                __bss_end__ = _ebss

._user_heap_stack
                0x000000002000021c      0x604 load address 0x0000000008003234
                0x0000000020000220                . = ALIGN (0x8)
 *fill*         0x000000002000021c        0x4 
                0x0000000020000220                PROVIDE (end = .)
                [!provide]                        PROVIDE (_end = .)
                0x0000000020000420                . = (. + _Min_Heap_Size)
 *fill*         0x0000000020000220      0x200 
                0x0000000020000820                . = (. + _Min_Stack_Size)
 *fill*         0x0000000020000420      0x400 
                0x0000000020000820                . = ALIGN (0x8)

/DISCARD/
 libc.a(*)
 libm.a(*)
 libgcc.a(*)

.ARM.attributes
                0x0000000000000000       0x30
 *(.ARM.attributes)
 .ARM.attributes
                0x0000000000000000       0x22 c:/program files (x86)/stmicroelectronics/stm32cubeide_1.1.0/stm32cubeide/plugins/com.st.stm32cube.ide.mcu.externaltools.gnu-tools-for-stm32.7-2018-q2-update.win32_1.0.0.201904181610/tools/bin/../lib/gcc/arm-none-eabi/7.3.1/thumb/v7e-m/fpv4-sp/hard/crti.o
 .ARM.attributes
                0x0000000000000022       0x34 c:/program files (x86)/stmicroelectronics/stm32cubeide_1.1.0/stm32cubeide/plugins/com.st.stm32cube.ide.mcu.externaltools.gnu-tools-for-stm32.7-2018-q2-update.win32_1.0.0.201904181610/tools/bin/../lib/gcc/arm-none-eabi/7.3.1/thumb/v7e-m/fpv4-sp/hard/crtbegin.o
 .ARM.attributes
                0x0000000000000056       0x39 Core/Src/main.o
 .ARM.attributes
                0x000000000000008f       0x39 Core/Src/stm32f3xx_hal_msp.o
 .ARM.attributes
                0x00000000000000c8       0x39 Core/Src/stm32f3xx_it.o
 .ARM.attributes
                0x0000000000000101       0x39 Core/Src/system_stm32f3xx.o
 .ARM.attributes
                0x000000000000013a       0x21 Core/Startup/startup_stm32f303retx.o
 .ARM.attributes
                0x000000000000015b       0x39 Drivers/STM32F3xx_HAL_Driver/Src/stm32f3xx_hal.o
 .ARM.attributes
                0x0000000000000194       0x39 Drivers/STM32F3xx_HAL_Driver/Src/stm32f3xx_hal_adc.o
 .ARM.attributes
                0x00000000000001cd       0x39 Drivers/STM32F3xx_HAL_Driver/Src/stm32f3xx_hal_adc_ex.o
 .ARM.attributes
                0x0000000000000206       0x39 Drivers/STM32F3xx_HAL_Driver/Src/stm32f3xx_hal_cortex.o
 .ARM.attributes
                0x000000000000023f       0x39 Drivers/STM32F3xx_HAL_Driver/Src/stm32f3xx_hal_dma.o
 .ARM.attributes
                0x0000000000000278       0x39 Drivers/STM32F3xx_HAL_Driver/Src/stm32f3xx_hal_gpio.o
 .ARM.attributes
                0x00000000000002b1       0x39 Drivers/STM32F3xx_HAL_Driver/Src/stm32f3xx_hal_rcc.o
 .ARM.attributes
                0x00000000000002ea       0x39 Drivers/STM32F3xx_HAL_Driver/Src/stm32f3xx_hal_rcc_ex.o
 .ARM.attributes
                0x0000000000000323       0x39 Drivers/STM32F3xx_HAL_Driver/Src/stm32f3xx_hal_tim.o
 .ARM.attributes
                0x000000000000035c       0x39 Drivers/STM32F3xx_HAL_Driver/Src/stm32f3xx_hal_tim_ex.o
 .ARM.attributes
                0x0000000000000395       0x34 c:/program files (x86)/stmicroelectronics/stm32cubeide_1.1.0/stm32cubeide/plugins/com.st.stm32cube.ide.mcu.externaltools.gnu-tools-for-stm32.7-2018-q2-update.win32_1.0.0.201904181610/tools/bin/../lib/gcc/arm-none-eabi/7.3.1/../../../../arm-none-eabi/lib/thumb/v7e-m/fpv4-sp/hard\libc_nano.a(lib_a-init.o)
 .ARM.attributes
                0x00000000000003c9       0x34 c:/program files (x86)/stmicroelectronics/stm32cubeide_1.1.0/stm32cubeide/plugins/com.st.stm32cube.ide.mcu.externaltools.gnu-tools-for-stm32.7-2018-q2-update.win32_1.0.0.201904181610/tools/bin/../lib/gcc/arm-none-eabi/7.3.1/../../../../arm-none-eabi/lib/thumb/v7e-m/fpv4-sp/hard\libc_nano.a(lib_a-memset.o)
 .ARM.attributes
                0x00000000000003fd       0x22 c:/program files (x86)/stmicroelectronics/stm32cubeide_1.1.0/stm32cubeide/plugins/com.st.stm32cube.ide.mcu.externaltools.gnu-tools-for-stm32.7-2018-q2-update.win32_1.0.0.201904181610/tools/bin/../lib/gcc/arm-none-eabi/7.3.1/thumb/v7e-m/fpv4-sp/hard/crtn.o
OUTPUT(H-bridge.elf elf32-littlearm)

.debug_info     0x0000000000000000     0xf937
 .debug_info    0x0000000000000000     0x2660 Core/Src/main.o
 .debug_info    0x0000000000002660     0x10b9 Core/Src/stm32f3xx_hal_msp.o
 .debug_info    0x0000000000003719      0x7fe Core/Src/stm32f3xx_it.o
 .debug_info    0x0000000000003f17      0x460 Core/Src/system_stm32f3xx.o
 .debug_info    0x0000000000004377       0x22 Core/Startup/startup_stm32f303retx.o
 .debug_info    0x0000000000004399      0x8be Drivers/STM32F3xx_HAL_Driver/Src/stm32f3xx_hal.o
 .debug_info    0x0000000000004c57      0xbcf Drivers/STM32F3xx_HAL_Driver/Src/stm32f3xx_hal_adc.o
 .debug_info    0x0000000000005826     0x1b6b Drivers/STM32F3xx_HAL_Driver/Src/stm32f3xx_hal_adc_ex.o
 .debug_info    0x0000000000007391      0xf2e Drivers/STM32F3xx_HAL_Driver/Src/stm32f3xx_hal_cortex.o
 .debug_info    0x00000000000082bf      0x881 Drivers/STM32F3xx_HAL_Driver/Src/stm32f3xx_hal_dma.o
 .debug_info    0x0000000000008b40      0x7bb Drivers/STM32F3xx_HAL_Driver/Src/stm32f3xx_hal_gpio.o
 .debug_info    0x00000000000092fb     0x1481 Drivers/STM32F3xx_HAL_Driver/Src/stm32f3xx_hal_rcc.o
 .debug_info    0x000000000000a77c      0x84d Drivers/STM32F3xx_HAL_Driver/Src/stm32f3xx_hal_rcc_ex.o
 .debug_info    0x000000000000afc9     0x3402 Drivers/STM32F3xx_HAL_Driver/Src/stm32f3xx_hal_tim.o
 .debug_info    0x000000000000e3cb     0x156c Drivers/STM32F3xx_HAL_Driver/Src/stm32f3xx_hal_tim_ex.o

.debug_abbrev   0x0000000000000000     0x1edb
 .debug_abbrev  0x0000000000000000      0x35d Core/Src/main.o
 .debug_abbrev  0x000000000000035d      0x217 Core/Src/stm32f3xx_hal_msp.o
 .debug_abbrev  0x0000000000000574      0x187 Core/Src/stm32f3xx_it.o
 .debug_abbrev  0x00000000000006fb      0x12b Core/Src/system_stm32f3xx.o
 .debug_abbrev  0x0000000000000826       0x12 Core/Startup/startup_stm32f303retx.o
 .debug_abbrev  0x0000000000000838      0x1ed Drivers/STM32F3xx_HAL_Driver/Src/stm32f3xx_hal.o
 .debug_abbrev  0x0000000000000a25      0x196 Drivers/STM32F3xx_HAL_Driver/Src/stm32f3xx_hal_adc.o
 .debug_abbrev  0x0000000000000bbb      0x29c Drivers/STM32F3xx_HAL_Driver/Src/stm32f3xx_hal_adc_ex.o
 .debug_abbrev  0x0000000000000e57      0x328 Drivers/STM32F3xx_HAL_Driver/Src/stm32f3xx_hal_cortex.o
 .debug_abbrev  0x000000000000117f      0x22d Drivers/STM32F3xx_HAL_Driver/Src/stm32f3xx_hal_dma.o
 .debug_abbrev  0x00000000000013ac      0x1de Drivers/STM32F3xx_HAL_Driver/Src/stm32f3xx_hal_gpio.o
 .debug_abbrev  0x000000000000158a      0x2a9 Drivers/STM32F3xx_HAL_Driver/Src/stm32f3xx_hal_rcc.o
 .debug_abbrev  0x0000000000001833      0x24b Drivers/STM32F3xx_HAL_Driver/Src/stm32f3xx_hal_rcc_ex.o
 .debug_abbrev  0x0000000000001a7e      0x226 Drivers/STM32F3xx_HAL_Driver/Src/stm32f3xx_hal_tim.o
 .debug_abbrev  0x0000000000001ca4      0x237 Drivers/STM32F3xx_HAL_Driver/Src/stm32f3xx_hal_tim_ex.o

.debug_loc      0x0000000000000000     0x97ac
 .debug_loc     0x0000000000000000      0x10a Core/Src/main.o
 .debug_loc     0x000000000000010a       0x9d Core/Src/stm32f3xx_hal_msp.o
 .debug_loc     0x00000000000001a7       0xfe Core/Src/system_stm32f3xx.o
 .debug_loc     0x00000000000002a5      0x11b Drivers/STM32F3xx_HAL_Driver/Src/stm32f3xx_hal.o
 .debug_loc     0x00000000000003c0      0x1ef Drivers/STM32F3xx_HAL_Driver/Src/stm32f3xx_hal_adc.o
 .debug_loc     0x00000000000005af     0x1b4b Drivers/STM32F3xx_HAL_Driver/Src/stm32f3xx_hal_adc_ex.o
 .debug_loc     0x00000000000020fa      0x5ce Drivers/STM32F3xx_HAL_Driver/Src/stm32f3xx_hal_cortex.o
 .debug_loc     0x00000000000026c8      0x7c6 Drivers/STM32F3xx_HAL_Driver/Src/stm32f3xx_hal_dma.o
 .debug_loc     0x0000000000002e8e      0x2de Drivers/STM32F3xx_HAL_Driver/Src/stm32f3xx_hal_gpio.o
 .debug_loc     0x000000000000316c      0x981 Drivers/STM32F3xx_HAL_Driver/Src/stm32f3xx_hal_rcc.o
 .debug_loc     0x0000000000003aed      0xac6 Drivers/STM32F3xx_HAL_Driver/Src/stm32f3xx_hal_rcc_ex.o
 .debug_loc     0x00000000000045b3     0x3c75 Drivers/STM32F3xx_HAL_Driver/Src/stm32f3xx_hal_tim.o
 .debug_loc     0x0000000000008228     0x1584 Drivers/STM32F3xx_HAL_Driver/Src/stm32f3xx_hal_tim_ex.o

.debug_aranges  0x0000000000000000      0xc30
 .debug_aranges
                0x0000000000000000       0x98 Core/Src/main.o
 .debug_aranges
                0x0000000000000098       0x58 Core/Src/stm32f3xx_hal_msp.o
 .debug_aranges
                0x00000000000000f0       0x70 Core/Src/stm32f3xx_it.o
 .debug_aranges
                0x0000000000000160       0x28 Core/Src/system_stm32f3xx.o
 .debug_aranges
                0x0000000000000188       0x28 Core/Startup/startup_stm32f303retx.o
 .debug_aranges
                0x00000000000001b0       0xe0 Drivers/STM32F3xx_HAL_Driver/Src/stm32f3xx_hal.o
 .debug_aranges
                0x0000000000000290       0xc8 Drivers/STM32F3xx_HAL_Driver/Src/stm32f3xx_hal_adc.o
 .debug_aranges
                0x0000000000000358      0x168 Drivers/STM32F3xx_HAL_Driver/Src/stm32f3xx_hal_adc_ex.o
 .debug_aranges
                0x00000000000004c0       0xa8 Drivers/STM32F3xx_HAL_Driver/Src/stm32f3xx_hal_cortex.o
 .debug_aranges
                0x0000000000000568       0x88 Drivers/STM32F3xx_HAL_Driver/Src/stm32f3xx_hal_dma.o
 .debug_aranges
                0x00000000000005f0       0x58 Drivers/STM32F3xx_HAL_Driver/Src/stm32f3xx_hal_gpio.o
 .debug_aranges
                0x0000000000000648       0x88 Drivers/STM32F3xx_HAL_Driver/Src/stm32f3xx_hal_rcc.o
 .debug_aranges
                0x00000000000006d0       0x38 Drivers/STM32F3xx_HAL_Driver/Src/stm32f3xx_hal_rcc_ex.o
 .debug_aranges
                0x0000000000000708      0x3c8 Drivers/STM32F3xx_HAL_Driver/Src/stm32f3xx_hal_tim.o
 .debug_aranges
                0x0000000000000ad0      0x160 Drivers/STM32F3xx_HAL_Driver/Src/stm32f3xx_hal_tim_ex.o

.debug_ranges   0x0000000000000000      0xbf8
 .debug_ranges  0x0000000000000000       0xa0 Core/Src/main.o
 .debug_ranges  0x00000000000000a0       0x48 Core/Src/stm32f3xx_hal_msp.o
 .debug_ranges  0x00000000000000e8       0x60 Core/Src/stm32f3xx_it.o
 .debug_ranges  0x0000000000000148       0x18 Core/Src/system_stm32f3xx.o
 .debug_ranges  0x0000000000000160       0x20 Core/Startup/startup_stm32f303retx.o
 .debug_ranges  0x0000000000000180       0xd0 Drivers/STM32F3xx_HAL_Driver/Src/stm32f3xx_hal.o
 .debug_ranges  0x0000000000000250       0xb8 Drivers/STM32F3xx_HAL_Driver/Src/stm32f3xx_hal_adc.o
 .debug_ranges  0x0000000000000308      0x158 Drivers/STM32F3xx_HAL_Driver/Src/stm32f3xx_hal_adc_ex.o
 .debug_ranges  0x0000000000000460       0xf8 Drivers/STM32F3xx_HAL_Driver/Src/stm32f3xx_hal_cortex.o
 .debug_ranges  0x0000000000000558       0x78 Drivers/STM32F3xx_HAL_Driver/Src/stm32f3xx_hal_dma.o
 .debug_ranges  0x00000000000005d0       0x48 Drivers/STM32F3xx_HAL_Driver/Src/stm32f3xx_hal_gpio.o
 .debug_ranges  0x0000000000000618       0x98 Drivers/STM32F3xx_HAL_Driver/Src/stm32f3xx_hal_rcc.o
 .debug_ranges  0x00000000000006b0       0x40 Drivers/STM32F3xx_HAL_Driver/Src/stm32f3xx_hal_rcc_ex.o
 .debug_ranges  0x00000000000006f0      0x3b8 Drivers/STM32F3xx_HAL_Driver/Src/stm32f3xx_hal_tim.o
 .debug_ranges  0x0000000000000aa8      0x150 Drivers/STM32F3xx_HAL_Driver/Src/stm32f3xx_hal_tim_ex.o

.debug_macro    0x0000000000000000    0x1da26
 .debug_macro   0x0000000000000000      0x39d Core/Src/main.o
 .debug_macro   0x000000000000039d      0xa5a Core/Src/main.o
 .debug_macro   0x0000000000000df7      0x157 Core/Src/main.o
 .debug_macro   0x0000000000000f4e       0x2e Core/Src/main.o
 .debug_macro   0x0000000000000f7c       0x28 Core/Src/main.o
 .debug_macro   0x0000000000000fa4       0x22 Core/Src/main.o
 .debug_macro   0x0000000000000fc6       0x8e Core/Src/main.o
 .debug_macro   0x0000000000001054       0x51 Core/Src/main.o
 .debug_macro   0x00000000000010a5       0xef Core/Src/main.o
 .debug_macro   0x0000000000001194       0x6a Core/Src/main.o
 .debug_macro   0x00000000000011fe      0x1df Core/Src/main.o
 .debug_macro   0x00000000000013dd       0x1c Core/Src/main.o
 .debug_macro   0x00000000000013f9       0x22 Core/Src/main.o
 .debug_macro   0x000000000000141b       0xdf Core/Src/main.o
 .debug_macro   0x00000000000014fa     0x102d Core/Src/main.o
 .debug_macro   0x0000000000002527      0x11f Core/Src/main.o
 .debug_macro   0x0000000000002646    0x15353 Core/Src/main.o
 .debug_macro   0x0000000000017999       0x43 Core/Src/main.o
 .debug_macro   0x00000000000179dc      0x174 Core/Src/main.o
 .debug_macro   0x0000000000017b50       0x53 Core/Src/main.o
 .debug_macro   0x0000000000017ba3      0x954 Core/Src/main.o
 .debug_macro   0x00000000000184f7      0x84a Core/Src/main.o
 .debug_macro   0x0000000000018d41      0x12f Core/Src/main.o
 .debug_macro   0x0000000000018e70      0x23a Core/Src/main.o
 .debug_macro   0x00000000000190aa      0x1ea Core/Src/main.o
 .debug_macro   0x0000000000019294      0x1bc Core/Src/main.o
 .debug_macro   0x0000000000019450       0x30 Core/Src/main.o
 .debug_macro   0x0000000000019480       0x3c Core/Src/main.o
 .debug_macro   0x00000000000194bc      0x236 Core/Src/main.o
 .debug_macro   0x00000000000196f2      0x9fe Core/Src/main.o
 .debug_macro   0x000000000001a0f0       0x77 Core/Src/main.o
 .debug_macro   0x000000000001a167       0xc5 Core/Src/main.o
 .debug_macro   0x000000000001a22c      0x21d Core/Src/main.o
 .debug_macro   0x000000000001a449      0x22c Core/Src/main.o
 .debug_macro   0x000000000001a675       0x58 Core/Src/main.o
 .debug_macro   0x000000000001a6cd       0xa5 Core/Src/main.o
 .debug_macro   0x000000000001a772       0x81 Core/Src/main.o
 .debug_macro   0x000000000001a7f3       0xd3 Core/Src/main.o
 .debug_macro   0x000000000001a8c6      0x9e9 Core/Src/main.o
 .debug_macro   0x000000000001b2af       0xbb Core/Src/main.o
 .debug_macro   0x000000000001b36a      0x347 Core/Src/main.o
 .debug_macro   0x000000000001b6b1       0x46 Core/Src/main.o
 .debug_macro   0x000000000001b6f7       0x18 Core/Src/main.o
 .debug_macro   0x000000000001b70f       0x3c Core/Src/main.o
 .debug_macro   0x000000000001b74b       0x34 Core/Src/main.o
 .debug_macro   0x000000000001b77f       0x16 Core/Src/main.o
 .debug_macro   0x000000000001b795       0x35 Core/Src/main.o
 .debug_macro   0x000000000001b7ca      0x32a Core/Src/main.o
 .debug_macro   0x000000000001baf4       0x10 Core/Src/main.o
 .debug_macro   0x000000000001bb04       0x52 Core/Src/main.o
 .debug_macro   0x000000000001bb56       0x1f Core/Src/main.o
 .debug_macro   0x000000000001bb75       0x43 Core/Src/main.o
 .debug_macro   0x000000000001bbb8       0x20 Core/Src/main.o
 .debug_macro   0x000000000001bbd8      0x1a3 Core/Src/main.o
 .debug_macro   0x000000000001bd7b       0x10 Core/Src/main.o
 .debug_macro   0x000000000001bd8b       0x1c Core/Src/main.o
 .debug_macro   0x000000000001bda7       0x52 Core/Src/main.o
 .debug_macro   0x000000000001bdf9       0x40 Core/Src/main.o
 .debug_macro   0x000000000001be39       0x10 Core/Src/main.o
 .debug_macro   0x000000000001be49       0x40 Core/Src/main.o
 .debug_macro   0x000000000001be89       0xd7 Core/Src/main.o
 .debug_macro   0x000000000001bf60       0x1c Core/Src/main.o
 .debug_macro   0x000000000001bf7c       0x3d Core/Src/main.o
 .debug_macro   0x000000000001bfb9       0x16 Core/Src/main.o
 .debug_macro   0x000000000001bfcf      0x145 Core/Src/main.o
 .debug_macro   0x000000000001c114       0x16 Core/Src/main.o
 .debug_macro   0x000000000001c12a       0x16 Core/Src/main.o
 .debug_macro   0x000000000001c140       0x29 Core/Src/main.o
 .debug_macro   0x000000000001c169       0x16 Core/Src/main.o
 .debug_macro   0x000000000001c17f       0x20 Core/Src/main.o
 .debug_macro   0x000000000001c19f      0x1dd Core/Src/stm32f3xx_hal_msp.o
 .debug_macro   0x000000000001c37c      0x1e7 Core/Src/stm32f3xx_it.o
 .debug_macro   0x000000000001c563      0x1d9 Core/Src/system_stm32f3xx.o
 .debug_macro   0x000000000001c73c      0x1f7 Drivers/STM32F3xx_HAL_Driver/Src/stm32f3xx_hal.o
 .debug_macro   0x000000000001c933      0x1d4 Drivers/STM32F3xx_HAL_Driver/Src/stm32f3xx_hal_adc.o
 .debug_macro   0x000000000001cb07      0x1fd Drivers/STM32F3xx_HAL_Driver/Src/stm32f3xx_hal_adc_ex.o
 .debug_macro   0x000000000001cd04      0x1d3 Drivers/STM32F3xx_HAL_Driver/Src/stm32f3xx_hal_cortex.o
 .debug_macro   0x000000000001ced7      0x1d3 Drivers/STM32F3xx_HAL_Driver/Src/stm32f3xx_hal_dma.o
 .debug_macro   0x000000000001d0aa      0x20b Drivers/STM32F3xx_HAL_Driver/Src/stm32f3xx_hal_gpio.o
 .debug_macro   0x000000000001d2b5      0x1f7 Drivers/STM32F3xx_HAL_Driver/Src/stm32f3xx_hal_rcc.o
 .debug_macro   0x000000000001d4ac      0x1d3 Drivers/STM32F3xx_HAL_Driver/Src/stm32f3xx_hal_rcc_ex.o
 .debug_macro   0x000000000001d67f      0x1d4 Drivers/STM32F3xx_HAL_Driver/Src/stm32f3xx_hal_tim.o
 .debug_macro   0x000000000001d853      0x1d3 Drivers/STM32F3xx_HAL_Driver/Src/stm32f3xx_hal_tim_ex.o

.debug_line     0x0000000000000000     0xb308
 .debug_line    0x0000000000000000      0xc87 Core/Src/main.o
 .debug_line    0x0000000000000c87      0x885 Core/Src/stm32f3xx_hal_msp.o
 .debug_line    0x000000000000150c      0x87a Core/Src/stm32f3xx_it.o
 .debug_line    0x0000000000001d86      0x7e4 Core/Src/system_stm32f3xx.o
 .debug_line    0x000000000000256a       0x85 Core/Startup/startup_stm32f303retx.o
 .debug_line    0x00000000000025ef      0x99a Drivers/STM32F3xx_HAL_Driver/Src/stm32f3xx_hal.o
 .debug_line    0x0000000000002f89      0x950 Drivers/STM32F3xx_HAL_Driver/Src/stm32f3xx_hal_adc.o
 .debug_line    0x00000000000038d9     0x19e0 Drivers/STM32F3xx_HAL_Driver/Src/stm32f3xx_hal_adc_ex.o
 .debug_line    0x00000000000052b9      0x9fd Drivers/STM32F3xx_HAL_Driver/Src/stm32f3xx_hal_cortex.o
 .debug_line    0x0000000000005cb6      0xa23 Drivers/STM32F3xx_HAL_Driver/Src/stm32f3xx_hal_dma.o
 .debug_line    0x00000000000066d9      0x938 Drivers/STM32F3xx_HAL_Driver/Src/stm32f3xx_hal_gpio.o
 .debug_line    0x0000000000007011      0xcd0 Drivers/STM32F3xx_HAL_Driver/Src/stm32f3xx_hal_rcc.o
 .debug_line    0x0000000000007ce1      0xb0c Drivers/STM32F3xx_HAL_Driver/Src/stm32f3xx_hal_rcc_ex.o
 .debug_line    0x00000000000087ed     0x1c75 Drivers/STM32F3xx_HAL_Driver/Src/stm32f3xx_hal_tim.o
 .debug_line    0x000000000000a462      0xea6 Drivers/STM32F3xx_HAL_Driver/Src/stm32f3xx_hal_tim_ex.o

.debug_str      0x0000000000000000    0xb42c6
 .debug_str     0x0000000000000000    0xb1720 Core/Src/main.o
                                      0xb1fee (size before relaxing)
 .debug_str     0x00000000000b1720       0xfc Core/Src/stm32f3xx_hal_msp.o
                                      0xad550 (size before relaxing)
 .debug_str     0x00000000000b181c      0x108 Core/Src/stm32f3xx_it.o
                                      0xacd66 (size before relaxing)
 .debug_str     0x00000000000b1924       0xc7 Core/Src/system_stm32f3xx.o
                                      0xac91b (size before relaxing)
 .debug_str     0x00000000000b19eb       0x36 Core/Startup/startup_stm32f303retx.o
                                         0x7c (size before relaxing)
 .debug_str     0x00000000000b1a21      0x3f4 Drivers/STM32F3xx_HAL_Driver/Src/stm32f3xx_hal.o
                                      0xad153 (size before relaxing)
 .debug_str     0x00000000000b1e15      0x1d1 Drivers/STM32F3xx_HAL_Driver/Src/stm32f3xx_hal_adc.o
                                      0xacf32 (size before relaxing)
 .debug_str     0x00000000000b1fe6      0x6b8 Drivers/STM32F3xx_HAL_Driver/Src/stm32f3xx_hal_adc_ex.o
                                      0xad631 (size before relaxing)
 .debug_str     0x00000000000b269e      0x32c Drivers/STM32F3xx_HAL_Driver/Src/stm32f3xx_hal_cortex.o
                                      0xad21c (size before relaxing)
 .debug_str     0x00000000000b29ca      0x209 Drivers/STM32F3xx_HAL_Driver/Src/stm32f3xx_hal_dma.o
                                      0xacc8d (size before relaxing)
 .debug_str     0x00000000000b2bd3      0x206 Drivers/STM32F3xx_HAL_Driver/Src/stm32f3xx_hal_gpio.o
                                      0xacbe5 (size before relaxing)
 .debug_str     0x00000000000b2dd9      0x2ea Drivers/STM32F3xx_HAL_Driver/Src/stm32f3xx_hal_rcc.o
                                      0xacda0 (size before relaxing)
 .debug_str     0x00000000000b30c3       0xbe Drivers/STM32F3xx_HAL_Driver/Src/stm32f3xx_hal_rcc_ex.o
                                      0xacc11 (size before relaxing)
 .debug_str     0x00000000000b3181      0xd13 Drivers/STM32F3xx_HAL_Driver/Src/stm32f3xx_hal_tim.o
                                      0xadb74 (size before relaxing)
 .debug_str     0x00000000000b3e94      0x432 Drivers/STM32F3xx_HAL_Driver/Src/stm32f3xx_hal_tim_ex.o
                                      0xad37a (size before relaxing)

.comment        0x0000000000000000       0x7b
 .comment       0x0000000000000000       0x7b Core/Src/main.o
                                         0x7c (size before relaxing)
 .comment       0x000000000000007b       0x7c Core/Src/stm32f3xx_hal_msp.o
 .comment       0x000000000000007b       0x7c Core/Src/stm32f3xx_it.o
 .comment       0x000000000000007b       0x7c Core/Src/system_stm32f3xx.o
 .comment       0x000000000000007b       0x7c Drivers/STM32F3xx_HAL_Driver/Src/stm32f3xx_hal.o
 .comment       0x000000000000007b       0x7c Drivers/STM32F3xx_HAL_Driver/Src/stm32f3xx_hal_adc.o
 .comment       0x000000000000007b       0x7c Drivers/STM32F3xx_HAL_Driver/Src/stm32f3xx_hal_adc_ex.o
 .comment       0x000000000000007b       0x7c Drivers/STM32F3xx_HAL_Driver/Src/stm32f3xx_hal_cortex.o
 .comment       0x000000000000007b       0x7c Drivers/STM32F3xx_HAL_Driver/Src/stm32f3xx_hal_dma.o
 .comment       0x000000000000007b       0x7c Drivers/STM32F3xx_HAL_Driver/Src/stm32f3xx_hal_gpio.o
 .comment       0x000000000000007b       0x7c Drivers/STM32F3xx_HAL_Driver/Src/stm32f3xx_hal_rcc.o
 .comment       0x000000000000007b       0x7c Drivers/STM32F3xx_HAL_Driver/Src/stm32f3xx_hal_rcc_ex.o
 .comment       0x000000000000007b       0x7c Drivers/STM32F3xx_HAL_Driver/Src/stm32f3xx_hal_tim.o
 .comment       0x000000000000007b       0x7c Drivers/STM32F3xx_HAL_Driver/Src/stm32f3xx_hal_tim_ex.o

.debug_frame    0x0000000000000000     0x2044
 .debug_frame   0x0000000000000000      0x1a0 Core/Src/main.o
 .debug_frame   0x00000000000001a0       0xd0 Core/Src/stm32f3xx_hal_msp.o
 .debug_frame   0x0000000000000270       0xd8 Core/Src/stm32f3xx_it.o
 .debug_frame   0x0000000000000348       0x30 Core/Src/system_stm32f3xx.o
 .debug_frame   0x0000000000000378      0x1cc Drivers/STM32F3xx_HAL_Driver/Src/stm32f3xx_hal.o
 .debug_frame   0x0000000000000544      0x170 Drivers/STM32F3xx_HAL_Driver/Src/stm32f3xx_hal_adc.o
 .debug_frame   0x00000000000006b4      0x4cc Drivers/STM32F3xx_HAL_Driver/Src/stm32f3xx_hal_adc_ex.o
 .debug_frame   0x0000000000000b80      0x15c Drivers/STM32F3xx_HAL_Driver/Src/stm32f3xx_hal_cortex.o
 .debug_frame   0x0000000000000cdc      0x164 Drivers/STM32F3xx_HAL_Driver/Src/stm32f3xx_hal_dma.o
 .debug_frame   0x0000000000000e40       0xd8 Drivers/STM32F3xx_HAL_Driver/Src/stm32f3xx_hal_gpio.o
 .debug_frame   0x0000000000000f18      0x170 Drivers/STM32F3xx_HAL_Driver/Src/stm32f3xx_hal_rcc.o
 .debug_frame   0x0000000000001088       0x80 Drivers/STM32F3xx_HAL_Driver/Src/stm32f3xx_hal_rcc_ex.o
 .debug_frame   0x0000000000001108      0xb00 Drivers/STM32F3xx_HAL_Driver/Src/stm32f3xx_hal_tim.o
 .debug_frame   0x0000000000001c08      0x3f0 Drivers/STM32F3xx_HAL_Driver/Src/stm32f3xx_hal_tim_ex.o
 .debug_frame   0x0000000000001ff8       0x2c c:/program files (x86)/stmicroelectronics/stm32cubeide_1.1.0/stm32cubeide/plugins/com.st.stm32cube.ide.mcu.externaltools.gnu-tools-for-stm32.7-2018-q2-update.win32_1.0.0.201904181610/tools/bin/../lib/gcc/arm-none-eabi/7.3.1/../../../../arm-none-eabi/lib/thumb/v7e-m/fpv4-sp/hard\libc_nano.a(lib_a-init.o)
 .debug_frame   0x0000000000002024       0x20 c:/program files (x86)/stmicroelectronics/stm32cubeide_1.1.0/stm32cubeide/plugins/com.st.stm32cube.ide.mcu.externaltools.gnu-tools-for-stm32.7-2018-q2-update.win32_1.0.0.201904181610/tools/bin/../lib/gcc/arm-none-eabi/7.3.1/../../../../arm-none-eabi/lib/thumb/v7e-m/fpv4-sp/hard\libc_nano.a(lib_a-memset.o)
