main.c:469:13:MX_GPIO_Init	40	static
main.c:266:13:MX_ADC1_Init	64	static
main.c:337:13:MX_TIM1_Init	104	static
main.c:407:13:MX_TIM4_Init	48	static
main.c:451:13:MX_DMA_Init	16	static
main.c:218:6:SystemClock_Config	168	static
main.c:497:6:HAL_GPIO_EXTI_Callback	0	static
main.c:501:6:HAL_ADC_ConvCpltCallback	4	static
main.c:571:6:PID_Init	0	static
main.c:585:6:PID_Controller	8	static
main.c:508:6:HAL_SYSTICK_Callback	24	static
main.c:640:6:PID_TurnOn	0	static
main.c:130:5:main	16	static
main.c:644:6:PID_TurnOff	0	static
main.c:658:9:PID_Running	0	static
main.c:668:6:Error_Handler	0	static
