main.c:547:13:MX_GPIO_Init	56	static
main.c:526:13:MX_DMA_Init	16	static
main.c:257:13:MX_ADC1_Init	64	static
main.c:328:13:MX_TIM1_Init	104	static
main.c:447:13:MX_TIM4_Init	48	static
main.c:398:13:MX_TIM3_Init	64	static
main.c:493:13:MX_USART2_UART_Init	8	static
main.c:207:6:SystemClock_Config	168	static
main.c:109:5:main	16	static
main.c:590:6:HAL_GPIO_EXTI_Callback	0	static
main.c:595:6:HAL_ADC_ConvCpltCallback	0	static
main.c:600:6:HAL_SYSTICK_Callback	24	static
main.c:662:6:Error_Handler	0	static
