stm32f3xx_it.c:72:6:NMI_Handler	0	static
stm32f3xx_it.c:85:6:HardFault_Handler	8	static
stm32f3xx_it.c:101:6:MemManage_Handler	0	static
stm32f3xx_it.c:116:6:BusFault_Handler	0	static
stm32f3xx_it.c:131:6:UsageFault_Handler	0	static
stm32f3xx_it.c:146:6:SVC_Handler	0	static
stm32f3xx_it.c:159:6:DebugMon_Handler	0	static
stm32f3xx_it.c:172:6:PendSV_Handler	0	static
stm32f3xx_it.c:185:6:SysTick_Handler	8	static
stm32f3xx_it.c:206:6:DMA1_Channel1_IRQHandler	8	static
stm32f3xx_it.c:220:6:DMA1_Channel7_IRQHandler	8	static
stm32f3xx_it.c:234:6:ADC1_2_IRQHandler	8	static
stm32f3xx_it.c:248:6:EXTI15_10_IRQHandler	8	static
