stm32f3xx_hal_msp.c:69:6:HAL_MspInit	16	static
stm32f3xx_hal_msp.c:93:6:HAL_ADC_MspInit	40	static
stm32f3xx_hal_msp.c:147:6:HAL_ADC_MspDeInit	8	static
stm32f3xx_hal_msp.c:181:6:HAL_TIM_PWM_MspInit	8	static
stm32f3xx_hal_msp.c:203:6:HAL_TIM_Encoder_MspInit	40	static
stm32f3xx_hal_msp.c:239:6:HAL_TIM_Base_MspInit	8	static
stm32f3xx_hal_msp.c:255:6:HAL_TIM_MspPostInit	40	static
stm32f3xx_hal_msp.c:296:6:HAL_TIM_PWM_MspDeInit	0	static
stm32f3xx_hal_msp.c:318:6:HAL_TIM_Encoder_MspDeInit	8	static
stm32f3xx_hal_msp.c:347:6:HAL_TIM_Base_MspDeInit	0	static
stm32f3xx_hal_msp.c:369:6:HAL_UART_MspInit	40	static
stm32f3xx_hal_msp.c:422:6:HAL_UART_MspDeInit	8	static
